// Jest Snapshot v1, https://goo.gl/fbAQLP

exports[`renders correctly 1`] = `
<button
  className="btn btn-primary custom-btn ml-3 my-sm-0"
  onClick={[Function]}
  type="button"
>
   Search
</button>
`;
